[  -38670ms] [ERROR] Failed to load resource: net::ERR_BLOCKED_BY_CLIENT @ https://play.google.com/log?format=json&hasfast=true&authuser=0:0
[  -38527ms] [ERROR] Failed to load resource: net::ERR_BLOCKED_BY_CLIENT @ https://play.google.com/log?format=json&hasfast=true&authuser=0:0
[  -38265ms] [ERROR] Failed to load resource: net::ERR_BLOCKED_BY_CLIENT @ https://play.google.com/log?format=json&hasfast=true&authuser=0:0
[  -38113ms] [ERROR] Failed to load resource: net::ERR_BLOCKED_BY_CLIENT @ https://play.google.com/log?format=json&hasfast=true&authuser=0:0
[  -37321ms] [ERROR] Failed to load resource: net::ERR_BLOCKED_BY_CLIENT @ https://play.google.com/log?format=json&hasfast=true&authuser=0:0
[  -37318ms] [ERROR] Failed to load resource: net::ERR_BLOCKED_BY_CLIENT @ https://play.google.com/log?format=json&hasfast=true:0
[  -36750ms] [ERROR] Failed to load resource: net::ERR_BLOCKED_BY_CLIENT @ https://play.google.com/log?format=json&hasfast=true&authuser=0:0
[  -36217ms] [ERROR] Failed to load resource: net::ERR_BLOCKED_BY_CLIENT @ https://play.google.com/log?format=json&hasfast=true&authuser=0:0
[  -36059ms] [ERROR] Failed to load resource: net::ERR_BLOCKED_BY_CLIENT @ https://play.google.com/log?format=json&hasfast=true&authuser=0:0
[  -35699ms] [ERROR] Failed to load resource: net::ERR_BLOCKED_BY_CLIENT @ https://play.google.com/log?format=json&hasfast=true&authuser=0:0
[  -35190ms] [ERROR] Failed to load resource: net::ERR_BLOCKED_BY_CLIENT @ https://play.google.com/log?format=json&hasfast=true:0
[  -32162ms] [ERROR] Failed to load resource: net::ERR_BLOCKED_BY_CLIENT @ https://play.google.com/log?format=json&hasfast=true&authuser=0:0
[  -32156ms] [ERROR] Failed to load resource: net::ERR_BLOCKED_BY_CLIENT @ https://play.google.com/log?format=json&hasfast=true&authuser=0:0
[  -30801ms] [ERROR] Failed to load resource: net::ERR_BLOCKED_BY_CLIENT @ https://play.google.com/log?format=json&hasfast=true&authuser=0:0
[  -30745ms] [ERROR] Failed to load resource: the server responded with a status of 404 () @ https://encrypted-tbn0.gstatic.com/faviconV2?url=https://www.analyticsinsight.net&client=NEWS_360&size=96&type=FAVICON&fallback_opts=TYPE,SIZE,URL:0
[  -30707ms] [ERROR] Failed to load resource: net::ERR_BLOCKED_BY_CLIENT @ https://play.google.com/log?format=json&hasfast=true:0
[  -30667ms] [ERROR] Failed to load resource: net::ERR_BLOCKED_BY_CLIENT @ https://play.google.com/log?format=json&hasfast=true&authuser=0:0
[  -30667ms] [ERROR] Failed to load resource: net::ERR_BLOCKED_BY_CLIENT @ https://play.google.com/log?format=json&hasfast=true&authuser=0:0
[  -30666ms] [ERROR] Failed to load resource: net::ERR_BLOCKED_BY_CLIENT @ https://play.google.com/log?format=json&hasfast=true&authuser=0:0
[  -30666ms] [ERROR] Failed to load resource: net::ERR_BLOCKED_BY_CLIENT @ https://play.google.com/log?format=json&hasfast=true&authuser=0:0
[  -30665ms] [ERROR] Failed to load resource: net::ERR_BLOCKED_BY_CLIENT @ https://play.google.com/log?format=json&hasfast=true&authuser=0:0
[  -30649ms] [ERROR] Failed to load resource: net::ERR_BLOCKED_BY_CLIENT @ https://play.google.com/log?format=json&hasfast=true&authuser=0:0
[  -30496ms] [ERROR] Failed to load resource: net::ERR_BLOCKED_BY_CLIENT @ https://play.google.com/log?format=json&hasfast=true&authuser=0:0
[  -22785ms] [ERROR] Failed to load resource: net::ERR_BLOCKED_BY_CLIENT @ https://play.google.com/log?format=json&hasfast=true:0
[  -17855ms] [ERROR] Failed to load resource: net::ERR_BLOCKED_BY_CLIENT @ https://play.google.com/log?format=json&hasfast=true&authuser=0:0
[   -8771ms] [ERROR] Failed to load resource: net::ERR_BLOCKED_BY_CLIENT @ https://play.google.com/log?format=json&hasfast=true&authuser=0:0
[   -8308ms] [ERROR] Failed to load resource: net::ERR_BLOCKED_BY_CLIENT @ https://play.google.com/log?hasfast=true&authuser=0&format=json:0
[   -7150ms] [ERROR] Failed to load resource: net::ERR_BLOCKED_BY_CLIENT @ https://play.google.com/log?format=json&hasfast=true:0
[  -39052ms] [LOG] %c%s color: red; background: yellow; font-size: 24px; WARNING! @ /_/mss/boq-dots/_/js/k=boq-dots.DotsSplashUi_desktop_ms.en_IN.E2zbNyEjc3I.2018.O/am=GAIFAAAAAMBMgAED/d=1/excm=_b,_tp,homeview/ed=1/dg=0/wt=2/ujg=1/rs=ALs0n2NwqId0EjU2cmWch0MGKEjGyDfHSA/dti=1/m=_b,_tp:285
[  -39051ms] [LOG] %c%s font-size: 18px; Using this console may allow attackers to impersonate you and steal your information using an attack called Self-XSS.
Do not enter or paste code that you don't understand. @ /_/mss/boq-dots/_/js/k=boq-dots.DotsSplashUi_desktop_ms.en_IN.E2zbNyEjc3I.2018.O/am=GAIFAAAAAMBMgAED/d=1/excm=_b,_tp,homeview/ed=1/dg=0/wt=2/ujg=1/rs=ALs0n2NwqId0EjU2cmWch0MGKEjGyDfHSA/dti=1/m=_b,_tp:285
[       5ms] _.Nj
[       5ms] _.Nj
