[    1691ms] [LOG] %c%s color: red; background: yellow; font-size: 24px; WARNING! @ /_/mss/boq-dots/_/js/k=boq-dots.DotsSplashUi_desktop_ms.en_IN.E2zbNyEjc3I.2018.O/am=GAIFAAAAAMBMgAED/d=1/excm=_b,_tp,homeview/ed=1/dg=0/wt=2/ujg=1/rs=ALs0n2NwqId0EjU2cmWch0MGKEjGyDfHSA/dti=1/m=_b,_tp:285
[    1691ms] [LOG] %c%s font-size: 18px; Using this console may allow attackers to impersonate you and steal your information using an attack called Self-XSS.
Do not enter or paste code that you don't understand. @ /_/mss/boq-dots/_/js/k=boq-dots.DotsSplashUi_desktop_ms.en_IN.E2zbNyEjc3I.2018.O/am=GAIFAAAAAMBMgAED/d=1/excm=_b,_tp,homeview/ed=1/dg=0/wt=2/ujg=1/rs=ALs0n2NwqId0EjU2cmWch0MGKEjGyDfHSA/dti=1/m=_b,_tp:285
[    2355ms] [ERROR] An unknown error occurred when fetching the script. @ :0
[    2462ms] [ERROR] Failed to load resource: net::ERR_BLOCKED_BY_CLIENT @ https://play.google.com/log?format=json&hasfast=true&authuser=0:0
[    2917ms] [ERROR] Failed to load resource: net::ERR_BLOCKED_BY_CLIENT @ https://play.google.com/log?format=json&hasfast=true&authuser=0:0
[    3111ms] [ERROR] Failed to load resource: net::ERR_BLOCKED_BY_CLIENT @ https://play.google.com/log?format=json&hasfast=true&authuser=0:0
[    3303ms] [ERROR] Failed to load resource: net::ERR_BLOCKED_BY_CLIENT @ https://play.google.com/log?format=json&hasfast=true&authuser=0:0
[    3780ms] _.Nj
[    4017ms] [ERROR] Failed to load resource: net::ERR_BLOCKED_BY_CLIENT @ https://play.google.com/log?format=json&hasfast=true:0
[    4093ms] [ERROR] Failed to load resource: net::ERR_BLOCKED_BY_CLIENT @ https://play.google.com/log?format=json&hasfast=true&authuser=0:0
[    4452ms] [ERROR] Failed to load resource: net::ERR_BLOCKED_BY_CLIENT @ https://play.google.com/log?format=json&hasfast=true&authuser=0:0
[    4958ms] [ERROR] Failed to load resource: net::ERR_BLOCKED_BY_CLIENT @ https://play.google.com/log?format=json&hasfast=true&authuser=0:0
[    5008ms] _.Nj
[    5057ms] [ERROR] Failed to load resource: net::ERR_BLOCKED_BY_CLIENT @ https://play.google.com/log?format=json&hasfast=true&authuser=0:0
[    6138ms] [ERROR] Failed to load resource: net::ERR_BLOCKED_BY_CLIENT @ https://play.google.com/log?format=json&hasfast=true:0
[   10278ms] [ERROR] Failed to load resource: net::ERR_BLOCKED_BY_CLIENT @ https://play.google.com/log?format=json&hasfast=true:0
[   18153ms] [ERROR] Failed to load resource: net::ERR_BLOCKED_BY_CLIENT @ https://play.google.com/log?format=json&hasfast=true:0
[   22372ms] [ERROR] Failed to load resource: net::ERR_BLOCKED_BY_CLIENT @ https://play.google.com/log?format=json&hasfast=true&authuser=0:0
[   32334ms] [ERROR] Failed to load resource: net::ERR_BLOCKED_BY_CLIENT @ https://play.google.com/log?format=json&hasfast=true&authuser=0:0
[   33085ms] [ERROR] Failed to load resource: net::ERR_BLOCKED_BY_CLIENT @ https://play.google.com/log?hasfast=true&authuser=0&format=json:0
[   33678ms] [ERROR] Failed to load resource: net::ERR_BLOCKED_BY_CLIENT @ https://play.google.com/log?format=json&hasfast=true:0
[   62301ms] [ERROR] Failed to load resource: net::ERR_BLOCKED_BY_CLIENT @ https://news.google.com/_/DotsSplashUi/gen204/?tmambps=0.09368948612242942&rtembps=-1&rttms=35.765451&ct=undefined:0
[   63191ms] [ERROR] Failed to load resource: net::ERR_BLOCKED_BY_CLIENT @ https://play.google.com/log?format=json&hasfast=true:0
[   63749ms] [ERROR] Failed to load resource: net::ERR_BLOCKED_BY_CLIENT @ https://play.google.com/log?format=json&hasfast=true&authuser=0:0
[  123422ms] [ERROR] Failed to load resource: net::ERR_BLOCKED_BY_CLIENT @ https://play.google.com/log?format=json&hasfast=true:0
[  142115ms] [ERROR] Failed to load resource: net::ERR_BLOCKED_BY_CLIENT @ https://play.google.com/log?format=json&hasfast=true&authuser=0:0
